Archive member included because of file (symbol)

target\libxme_target_startup.a(startup_stm32f10x_cl.S.obj)
                              (--whole-archive)
target\libxme_target_startup.a(port.c.obj)
                              (--whole-archive)
target\libxme_lwip_core.a(def.c.obj)
                              CMakeFiles/firmware.dir/udpecho.c.obj (lwip_htons)
target\libxme_lwip_core.a(pbuf.c.obj)
                              CMakeFiles/firmware.dir/lwip_test.c.obj (pbuf_alloc)
target\libxme_lwip_core.a(tcp.c.obj)
                              target\libxme_lwip_core.a(pbuf.c.obj) (tcp_active_pcbs)
target\libxme_lwip_core.a(tcp_out.c.obj)
                              target\libxme_lwip_core.a(tcp.c.obj) (tcp_send_fin)
target\libxme_lwip_core.a(timers.c.obj)
                              target\libxme_lwip_core.a(tcp.c.obj) (tcp_timer_needed)
target\libxme_lwip_core.a(udp.c.obj)
                              CMakeFiles/firmware.dir/lwip_test.c.obj (udp_sendto)
target\libxme_lwip_core.a(sockets.c.obj)
                              CMakeFiles/firmware.dir/udpecho.c.obj (lwip_bind)
target\libxme_lwip_core.a(tcpip.c.obj)
                              target\libxme_lwip_core.a(pbuf.c.obj) (tcpip_callback_with_block)
target\libxme_lwip_core.a(dhcp.c.obj)
                              target\libxme_lwip_core.a(timers.c.obj) (dhcp_coarse_tmr)
target\libxme_lwip_core.a(dns.c.obj)
                              target\libxme_lwip_core.a(dhcp.c.obj) (dns_setserver)
target\libxme_lwip_core.a(init.c.obj)
                              target\libxme_lwip_core.a(tcpip.c.obj) (lwip_init)
target\libxme_lwip_core.a(mem.c.obj)
                              target\libxme_lwip_core.a(init.c.obj) (mem_init)
target\libxme_lwip_core.a(memp.c.obj)
                              target\libxme_lwip_core.a(init.c.obj) (memp_init)
target\libxme_lwip_core.a(netif.c.obj)
                              target\libxme_lwip_core.a(dhcp.c.obj) (netif_list)
target\libxme_lwip_core.a(tcp_in.c.obj)
                              target\libxme_lwip_core.a(tcp_out.c.obj) (tcp_input_pcb)
target\libxme_lwip_core.a(api_lib.c.obj)
                              target\libxme_lwip_core.a(sockets.c.obj) (netconn_new_with_proto_and_callback)
target\libxme_lwip_core.a(api_msg.c.obj)
                              target\libxme_lwip_core.a(api_lib.c.obj) (netconn_alloc)
target\libxme_lwip_core.a(netbuf.c.obj)
                              target\libxme_lwip_core.a(sockets.c.obj) (netbuf_delete)
target\libxme_lwip_core.a(raw.c.obj)
                              target\libxme_lwip_core.a(api_msg.c.obj) (raw_bind)
target\libxme_lwip_core_ipv4.a(icmp.c.obj)
                              target\libxme_lwip_core.a(udp.c.obj) (icmp_dest_unreach)
target\libxme_lwip_core_ipv4.a(igmp.c.obj)
                              target\libxme_lwip_core.a(init.c.obj) (igmp_init)
target\libxme_lwip_core_ipv4.a(inet_chksum.c.obj)
                              target\libxme_lwip_core_ipv4.a(icmp.c.obj) (inet_chksum)
target\libxme_lwip_core_ipv4.a(ip.c.obj)
                              target\libxme_lwip_core.a(api_msg.c.obj) (current_header)
target\libxme_lwip_core_ipv4.a(ip_addr.c.obj)
                              CMakeFiles/firmware.dir/lwip_test.c.obj (ip_addr_any)
target\libxme_lwip_core_ipv4.a(ip_frag.c.obj)
                              target\libxme_lwip_core.a(timers.c.obj) (ip_reass_tmr)
target\libxme_lwip_netif_ethernet.a(enet.c.obj)
                              CMakeFiles/firmware.dir/main.c.obj (EnetInit)
target\libxme_lwip_netif_ethernet.a(lwiplib.c.obj)
                              target\libxme_lwip_netif_ethernet.a(enet.c.obj) (lwIPInit)
target\libxme_lwip_netif_ethernet.a(ethernetif.c.obj)
                              target\libxme_lwip_netif_ethernet.a(lwiplib.c.obj) (stm32_ethernetif_input)
target\libxme_lwip_netif_ethernet.a(sys_arch.c.obj)
                              target\libxme_lwip_core_ipv4.a(igmp.c.obj) (lwip_rand_arch)
target\libxme_lwip_netif_ethernet.a(stm32_eth.c.obj)
                              target\libxme_lwip_netif_ethernet.a(ethernetif.c.obj) (DMATxDescToSet)
target\libxme_freertos_kernel.a(queue.c.obj)
                              CMakeFiles/firmware.dir/application_logic.c.obj (xQueueGenericCreate)
target\libxme_freertos_kernel.a(tasks.c.obj)
                              target\libxme_target_startup.a(port.c.obj) (pxCurrentTCB)
target\libxme_freertos_kernel.a(list.c.obj)
                              target\libxme_freertos_kernel.a(queue.c.obj) (vListInitialise)
target\libxme_freertos_memmang.a(heap_2.c.obj)
                              target\libxme_freertos_kernel.a(queue.c.obj) (pvPortMalloc)
target\libxme_target_bsp.a(enet_arch.c.obj)
                              target\libxme_lwip_netif_ethernet.a(enet.c.obj) (Set_MAC_Address)
target\libxme_target_bsp.a(system_stm32f10x.c.obj)
[...]
Memory Configuration

Name             Origin             Length             Attributes
RAM              0x20000000         0x00010000         xrw
FLASH            0x08000000         0x00040000         xr
FLASHB1          0x00000000         0x00000000         xr
EXTMEMB0         0x00000000         0x00000000         xr
EXTMEMB1         0x00000000         0x00000000         xr
EXTMEMB2         0x00000000         0x00000000         xr
EXTMEMB3         0x00000000         0x00000000         xr
*default*        0x00000000         0xffffffff

Linker script and memory map

LOAD CMakeFiles/firmware.dir/stm32f10x_it.c.obj
LOAD CMakeFiles/firmware.dir/lwip_test.c.obj
LOAD CMakeFiles/firmware.dir/udpecho.c.obj
LOAD CMakeFiles/firmware.dir/dac_spi_cs_mux.c.obj
LOAD CMakeFiles/firmware.dir/adc_spi_cs_mux.c.obj
LOAD CMakeFiles/firmware.dir/belle_II_PS_node_XME_Component.c.obj
LOAD CMakeFiles/firmware.dir/help_functions_for_calibration.c.obj
LOAD CMakeFiles/firmware.dir/application_logic.c.obj
LOAD CMakeFiles/firmware.dir/self_tests.c.obj
LOAD CMakeFiles/firmware.dir/regulator_status_enable_pins.c.obj
LOAD CMakeFiles/firmware.dir/initialization_functions.c.obj
LOAD CMakeFiles/firmware.dir/startup.c.obj
LOAD CMakeFiles/firmware.dir/recalibrate_logic.c.obj
LOAD CMakeFiles/firmware.dir/shutdown.c.obj
LOAD CMakeFiles/firmware.dir/alive_strobe.c.obj
LOAD CMakeFiles/firmware.dir/belle_network_connection_Component.c.obj
LOAD CMakeFiles/firmware.dir/main.c.obj
LOAD target\libxme_target_startup.a
LOAD target\libxme_hal_persistence.a
LOAD target\libxme_lwip_core.a
LOAD target\libxme_lwip_core_ipv4.a
LOAD target\libxme_lwip_netif_ethernet.a
LOAD target\libxme_freertos_kernel.a
LOAD target\libxme_freertos_memmang.a
LOAD target\libxme_target_bsp.a
LOAD target\libxme_hal_net.a
LOAD target\libxme_hal_dio.a
LOAD target\libbelle_drivers.a
LOAD target\libxme_stm32f0xspl_spi.a
LOAD target\libxme_stm32f0xspl_i2c.a
LOAD target\libxme_stm32f0xspl_adc.a
LOAD target\libxme_prim_ipLoginServerProxy.a
LOAD target\libxme_core_core.a
LOAD target\libxme_hal_dio.a
LOAD target\libxme_hal_net.a
LOAD target\libxme_hal_time.a
LOAD target\libxme_lwip_core_ipv4.a
LOAD target\libxme_lwip_netif_ethernet.a
LOAD target\libxme_lwip_netif_arp.a
LOAD target\libxme_lwip_core.a
LOAD target\libxme_hal_dio.a
LOAD target\libxme_target_bsp.a
LOAD target\libxme_stm32f0xspl_rcc.a
LOAD target\libxme_stm32f0xspl_misc.a
LOAD target\libxme_stm32f0xspl_gpio.a
LOAD target\libxme_freertos_timers.a
LOAD target\libxme_hal_energy.a
LOAD target\libxme_hal_math.a
LOAD target\libxme_hal_sched.a
LOAD target\libxme_freertos_kernel.a
LOAD target\libxme_target_startup.a
LOAD target\libxme_freertos_memmang.a
LOAD target\libxme_hal_sync.a
LOAD target\libxme_hal_table.a
LOAD target\libxme_hal_tls.a
LOAD target\libxme_hal_random.a
LOAD target\libxme_hal_sharedPtr.a
LOAD target\libxme_hal_mem.a
START GROUP
LOAD c:/belleii/devenv/toolchain/arm-gcc/bin/../lib/gcc/arm-none-eabi/4.5.2/thumb2\libgcc.a
LOAD c:/belleii/devenv/toolchain/arm-gcc/bin/../lib/gcc/arm-none-eabi/4.5.2/../../../../arm-none-eabi/lib/thumb2\libc.a
END GROUP
                0x00000400                __Stack_Size = 0x400
                0x00000400                PROVIDE (_Stack_Size, __Stack_Size)
                0x2000fbff                __Stack_Init = (_estack - __Stack_Size)
                0x2000fbff                PROVIDE (_Stack_Init, __Stack_Init)
                0x00000100                _Minimum_Stack_Size = 0x100
                0x00000000                PROVIDE (Undefined_Handler, 0x0)
                0x00000000                PROVIDE (SWI_Handler, 0x0)
                0x00000000                PROVIDE (IRQ_Handler, 0x0)
                0x00000000                PROVIDE (Prefetch_Handler, 0x0)
                0x00000000                PROVIDE (Abort_Handler, 0x0)
                0x00000000                PROVIDE (FIQ_Handler, 0x0)
                0x00000000                PROVIDE (NMIException, 0x0)
                0x00000000                PROVIDE (HardFaultException, 0x0)
                0x00000000                PROVIDE (MemManageException, 0x0)
                0x00000000                PROVIDE (BusFaultException, 0x0)
                0x00000000                PROVIDE (UsageFaultException, 0x0)
                0x00000000                PROVIDE (SVCHandler, 0x0)
                0x00000000                PROVIDE (DebugMonitor, 0x0)
                0x00000000                PROVIDE (PendSVC, 0x0)
                0x00000000                PROVIDE (SysTickHandler, 0x0)
                0x00000000                PROVIDE (WWDG_IRQHandler, 0x0)
                0x00000000                PROVIDE (PVD_IRQHandler, 0x0)
                0x00000000                PROVIDE (TAMPER_IRQHandler, 0x0)
                0x00000000                PROVIDE (RTC_IRQHandler, 0x0)
                0x00000000                PROVIDE (FLASH_IRQHandler, 0x0)
                0x00000000                PROVIDE (RCC_IRQHandler, 0x0)
                0x00000000                PROVIDE (EXTI0_IRQHandler, 0x0)
                0x00000000                PROVIDE (EXTI1_IRQHandler, 0x0)
                0x00000000                PROVIDE (EXTI2_IRQHandler, 0x0)
                0x00000000                PROVIDE (EXTI3_IRQHandler, 0x0)
                0x00000000                PROVIDE (EXTI4_IRQHandler, 0x0)
                0x00000000                PROVIDE (DMAChannel1_IRQHandler, 0x0)
                0x00000000                PROVIDE (DMAChannel2_IRQHandler, 0x0)
                0x00000000                PROVIDE (DMAChannel3_IRQHandler, 0x0)
                0x00000000                PROVIDE (DMAChannel4_IRQHandler, 0x0)
                0x00000000                PROVIDE (DMAChannel5_IRQHandler, 0x0)
                0x00000000                PROVIDE (DMAChannel6_IRQHandler, 0x0)
                0x00000000                PROVIDE (DMAChannel7_IRQHandler, 0x0)
                0x00000000                PROVIDE (ADC_IRQHandler, 0x0)
                0x00000000                PROVIDE (USB_HP_CAN_TX_IRQHandler, 0x0)
                0x00000000                PROVIDE (USB_LP_CAN_RX0_IRQHandler, 0x0)
                0x00000000                PROVIDE (CAN_RX1_IRQHandler, 0x0)
                0x00000000                PROVIDE (CAN_SCE_IRQHandler, 0x0)
                0x00000000                PROVIDE (EXTI9_5_IRQHandler, 0x0)
                0x00000000                PROVIDE (TIM1_BRK_IRQHandler, 0x0)
                0x00000000                PROVIDE (TIM1_UP_IRQHandler, 0x0)
                0x00000000                PROVIDE (TIM1_TRG_COM_IRQHandler, 0x0)
                0x00000000                PROVIDE (TIM1_CC_IRQHandler, 0x0)
                0x00000000                PROVIDE (TIM2_IRQHandler, 0x0)
                0x00000000                PROVIDE (TIM3_IRQHandler, 0x0)
                0x00000000                PROVIDE (TIM4_IRQHandler, 0x0)
                0x00000000                PROVIDE (I2C1_EV_IRQHandler, 0x0)
                0x00000000                PROVIDE (I2C1_ER_IRQHandler, 0x0)
                0x00000000                PROVIDE (I2C2_EV_IRQHandler, 0x0)
                0x00000000                PROVIDE (I2C2_ER_IRQHandler, 0x0)
                0x00000000                PROVIDE (SPI1_IRQHandler, 0x0)
                0x00000000                PROVIDE (SPI2_IRQHandler, 0x0)
                0x00000000                PROVIDE (USART1_IRQHandler, 0x0)
                0x00000000                PROVIDE (USART2_IRQHandler, 0x0)
                0x00000000                PROVIDE (USART3_IRQHandler, 0x0)
                0x00000000                PROVIDE (EXTI15_10_IRQHandler, 0x0)
                0x00000000                PROVIDE (RTCAlarm_IRQHandler, 0x0)
                0x00000000                PROVIDE (USBWakeUp_IRQHandler, 0x0)
                0x42000000                PERIPH_BB_BASE = 0x42000000
                0x22000000                SRAM_BB_BASE = 0x22000000
                0x20000000                SRAM_BASE = 0x20000000
                0x40000000                PERIPH_BASE = 0x40000000
                0x40022000                PROVIDE (FLASH_BASE, 0x40022000)
                0x1ffff800                PROVIDE (OB_BASE, 0x1ffff800)
                0x40000000                APB1PERIPH_BASE = PERIPH_BASE
                0x40010000                APB2PERIPH_BASE = (PERIPH_BASE + 0x10000)
                0x40020000                AHBPERIPH_BASE = (PERIPH_BASE + 0x20000)
                0x40000000                PROVIDE (TIM2, (APB1PERIPH_BASE + 0x0))
                0x40000400                PROVIDE (TIM3, (APB1PERIPH_BASE + 0x400))
                0x40000800                PROVIDE (TIM4, (APB1PERIPH_BASE + 0x800))
                0x40002800                PROVIDE (RTC, (APB1PERIPH_BASE + 0x2800))
                0x40002c00                PROVIDE (WWDG, (APB1PERIPH_BASE + 0x2c00))
                0x40003000                PROVIDE (IWDG, (APB1PERIPH_BASE + 0x3000))
                0x40003800                PROVIDE (SPI2, (APB1PERIPH_BASE + 0x3800))
                0x40004400                PROVIDE (USART2, (APB1PERIPH_BASE + 0x4400))
                0x40004800                PROVIDE (USART3, (APB1PERIPH_BASE + 0x4800))
                0x40005400                PROVIDE (I2C1, (APB1PERIPH_BASE + 0x5400))
                0x40005800                PROVIDE (I2C2, (APB1PERIPH_BASE + 0x5800))
                0x40006400                PROVIDE (CAN, (APB1PERIPH_BASE + 0x6400))
                0x40006c00                PROVIDE (BKP, (APB1PERIPH_BASE + 0x6c00))
                0x40007000                PROVIDE (PWR, (APB1PERIPH_BASE + 0x7000))
                0x40010000                PROVIDE (AFIO, (APB2PERIPH_BASE + 0x0))
                0x40010400                PROVIDE (EXTI, (APB2PERIPH_BASE + 0x400))
                0x40010800                PROVIDE (GPIOA, (APB2PERIPH_BASE + 0x800))
                0x40010c00                PROVIDE (GPIOB, (APB2PERIPH_BASE + 0xc00))
                0x40011000                PROVIDE (GPIOC, (APB2PERIPH_BASE + 0x1000))
                0x40011400                PROVIDE (GPIOD, (APB2PERIPH_BASE + 0x1400))
                0x40011800                PROVIDE (GPIOE, (APB2PERIPH_BASE + 0x1800))
                0x40012400                PROVIDE (ADC1, (APB2PERIPH_BASE + 0x2400))
                0x40012800                PROVIDE (ADC2, (APB2PERIPH_BASE + 0x2800))
                0x40012c00                PROVIDE (TIM1, (APB2PERIPH_BASE + 0x2c00))
                0x40013000                PROVIDE (SPI1, (APB2PERIPH_BASE + 0x3000))
                0x40013800                PROVIDE (USART1, (APB2PERIPH_BASE + 0x3800))
                0x40020000                PROVIDE (DMA, (AHBPERIPH_BASE + 0x0))
                0x40020008                PROVIDE (DMA_Channel1, (AHBPERIPH_BASE + 0x8))
                0x4002001c                PROVIDE (DMA_Channel2, (AHBPERIPH_BASE + 0x1c))
                0x40020030                PROVIDE (DMA_Channel3, (AHBPERIPH_BASE + 0x30))
                0x40020044                PROVIDE (DMA_Channel4, (AHBPERIPH_BASE + 0x44))
                0x40020058                PROVIDE (DMA_Channel5, (AHBPERIPH_BASE + 0x58))
                0x4002006c                PROVIDE (DMA_Channel6, (AHBPERIPH_BASE + 0x6c))
                0x40020080                PROVIDE (DMA_Channel7, (AHBPERIPH_BASE + 0x80))
                0x40021000                PROVIDE (RCC, (AHBPERIPH_BASE + 0x1000))
                0xe000e000                SCS_BASE = 0xe000e000
                0xe000e010                PROVIDE (SysTick, (SCS_BASE + 0x10))
                0xe000e100                PROVIDE (NVIC, (SCS_BASE + 0x100))
                0xe000ed00                PROVIDE (SCB, (SCS_BASE + 0xd00))
                0x2000ffff                _estack = 0x2000ffff

.isr_vector     0x08000000      0x1e4
                0x08000000                . = ALIGN (0x4)
 *(.isr_vector)
 .isr_vector    0x08000000      0x1e4 target\libxme_target_startup.a(startup_stm32f10x_cl.S.obj)
                0x08000000                g_pfnVectors
                0x080001e4                . = ALIGN (0x4)

.ARM.extab      0x080001e4        0x0
 .ARM.extab     0x080001e4        0x0 c:/belleii/devenv/toolchain/arm-gcc/bin/../lib/gcc/arm-none-eabi/4.5.2/thumb2\libgcc.a(_divdi3.o)
 .ARM.extab     0x080001e4        0x0 c:/belleii/devenv/toolchain/arm-gcc/bin/../lib/gcc/arm-none-eabi/4.5.2/thumb2\libgcc.a(_udivdi3.o)

.ARM.exidx      0x080001e4        0x8
 .ARM.exidx     0x080001e4        0x8 c:/belleii/devenv/toolchain/arm-gcc/bin/../lib/gcc/arm-none-eabi/4.5.2/thumb2\libgcc.a(_divdi3.o)
 .ARM.exidx     0x080001ec        0x0 c:/belleii/devenv/toolchain/arm-gcc/bin/../lib/gcc/arm-none-eabi/4.5.2/thumb2\libgcc.a(_udivdi3.o)
                                  0x8 (size before relaxing)

.flashtext      0x080001ec        0x0
                0x080001ec                . = ALIGN (0x4)
 *(.flashtext)
                0x080001ec                . = ALIGN (0x4)

.text           0x080001f0    0x3006c
                0x080001f0                . = ALIGN (0x4)
 *(.text)
 .text          0x080001f0       0x98 CMakeFiles/firmware.dir/stm32f10x_it.c.obj
                0x080001f0                EXTI0_IRQHandler
                0x08000210                EXTI2_IRQHandler
                0x08000230                EXTI15_10_IRQHandler
                0x08000250                NMI_Handler
                0x0800025c                HardFault_Handler
                0x08000264                MemManage_Handler
                0x0800026c                BusFault_Handler
                0x08000274                UsageFault_Handler
                0x0800027c                DebugMon_Handler
 .text          0x08000288       0xe8 CMakeFiles/firmware.dir/lwip_test.c.obj
                0x08000288                raw_init_udp
                0x080002a0                raw_send_udp
                0x080002f4                udp_echo_recv
                0x08000340                raw_receive_udp
 .text          0x08000370      0x134 CMakeFiles/firmware.dir/udpecho.c.obj
                0x0800045c                udpecho_init
 .text          0x080004a4      0x61c CMakeFiles/firmware.dir/dac_spi_cs_mux.c.obj
                0x080004a4                dac_init
                0x080004d4                dac_setChannelValue_in_MicroScale
                0x08000604                dac_getChannelValue_in_MiliScale
                0x08000654                dac_getChannelValue_raw_value
                0x080008b0                dac_configure_control_register
                0x08000938                dac_set_monitoring_channel
                0x08000a38                dac_clear
 .text          0x08000ac0      0x89c CMakeFiles/firmware.dir/adc_spi_cs_mux.c.obj
                0x08000ac0                adc_configure_range_reg
                0x08000b54                adc_select_input_channel_read_channel_value_in_micro_scale
                0x080010c4                adc_select_input_channel_read_channel_value_in_micro_scale_optimised
 .text          0x0800135c      0x8dc CMakeFiles/firmware.dir/belle_II_PS_node_XME_Component.c.obj
                0x08001454                calibrate_subscription
                0x08001520                recalibrate_subscription
                0x080015f4                SWRegister_subscription
                0x08001644                belle_II_PS_node_XME_Component_create
                0x08001a14                belle_II_PS_node_XME_Component_activate
                0x08001a2c                belle_II_PS_node_XME_Component_deactivate
                0x08001a40                belle_II_PS_node_XME_Component_destroy
                0x08001bd0                sendData
 .text          0x08001c38      0x418 CMakeFiles/firmware.dir/help_functions_for_calibration.c.obj
                0x08001c38                calibrate_dac_value
                0x08001d90                calibrate_adc_value
                0x08001eac                set_channel_value
                0x08001f4c                read_channel_value
                0x08001fa8                read_channel_value_optimised
 .text          0x08002050      0xeec CMakeFiles/firmware.dir/application_logic.c.obj
                0x08002084                green_LED_OFF
                0x080020a4                green_LED_ON
                0x080020c4                emergency_shutdown
                0x08002114                write_enable
                0x08002184                write_disable
                0x080021a4                Reset_Latch
                0x08002200                mute_ovp_board
                0x08002260                reset_ovp_board
                0x08002310                enable_regulator
                0x08002360                disable_regulator
                0x080023b0                Switch_Power_ON
                0x080023d0                Switch_Power_OFF
                0x080023f0                emergency_shutdown_ups
                0x08002410                emergency_shutdown_thermal_status
                0x08002430                emergency_shutdown_ovp_status
                0x08002450                shutdown_when_no_connection_to_SC
                0x0800246c                get_voltage_and_current_data
                0x08002648                monitor_belle_node
                0x080026cc                log_info_belle_node
                0x08002794                calibrate_channel
                0x08002ea8                belle_application_task
 .text          0x08002f3c      0x3d0 CMakeFiles/firmware.dir/self_tests.c.obj
                0x08002f3c                self_test_check_hardware_current_limits
                0x0800305c                self_test_check_regulator_outputs
                0x08003160                self_test_dac_outputs
 .text          0x0800330c      0x7f0 CMakeFiles/firmware.dir/regulator_status_enable_pins.c.obj
                0x0800330c                OVP_MUX_PINS_init
                0x08003440                DAC_SWITCH_init
                0x080034ac                Green_LED_init
                0x080034e4                Write_Enable_pin_init
                0x0800351c                DCDC_POK_PIN_init
                0x08003540                latch_reset_pin_init
                0x08003564                LED_enable_pins_init
                0x08003588                Power_Switch_pin_init
                0x080035ac                regulators_enable_pins_init
                0x080035f0                regulators_status_pins_init
                0x080036ac                emergency_shutdown_status_pins_init
                0x0800370c                check_regulator_status_pins
                0x0800394c                check_regulator_enable_pins
                0x080039f8                enable_disable_regulator
                0x08003a5c                DAC_SWITCH_LOW
                0x08003a94                emergency_shutdown_check_status_pins
 .text          0x08003afc      0x384 CMakeFiles/firmware.dir/initialization_functions.c.obj
                0x08003afc                init_hardware
                0x08003d68                initialize_channel_information_data
 .text          0x08003e80      0xc58 CMakeFiles/firmware.dir/startup.c.obj
                0x08003e80                ramp_up_ramp_down_paralel
                0x08004138                ramp_up_ramp_down
                0x08004244                get_voltage
                0x08004278                diff_ccg1
                0x080042bc                diff_ccg2
                0x08004300                diff_ccg3
                0x08004344                startup_sequence
                0x08004a44                set_all_zero
 .text          0x08004ad8      0x1a4 CMakeFiles/firmware.dir/recalibrate_logic.c.obj
                0x08004ad8                write_recalibration_data_in_eeprom
 .text          0x08004c7c      0x57c CMakeFiles/firmware.dir/shutdown.c.obj
                0x08004c7c                shutdown_sequence
 .text          0x080051f8       0xc4 CMakeFiles/firmware.dir/alive_strobe.c.obj
                0x08005260                alive_strobe_init
 .text          0x080052bc      0x538 CMakeFiles/firmware.dir/belle_network_connection_Component.c.obj
                0x080052bc                belle_network_connection_Component_create
                0x080053b0                belle_network_connection_Component_activate
                0x080053c8                belle_network_connection_Component_deactivate
                0x080053dc                belle_network_connection_Component_destroy
                0x08005430                receive_heartbeatMultiNode
                0x08005554                belle_network_connection_Component_callback
                0x08005644                initHeartbeatTable
                0x080056cc                debugHeartbeatTable
                0x08005768                getCurrentTime
                0x08005778                getInterval
                0x080057c4                network_connection_task
 .text          0x080057f4       0xa8 CMakeFiles/firmware.dir/main.c.obj
                0x080057f4                init_chromosome
                0x08005854                main
 .text          0x0800589c       0x14 target\libxme_target_startup.a(startup_stm32f10x_cl.S.obj)
 .text          0x080058b0      0x1d8 target\libxme_target_startup.a(port.c.obj)
                0x080058b0                pxPortInitialiseStack
                0x08005910                SVC_Handler
                0x08005930                vPortStartFirstTask
                0x08005940                xPortStartScheduler
                0x0800597c                vPortEndScheduler
                0x08005988                vPortYieldFromISR
                0x080059a0                vPortEnterCritical
                0x080059c4                vPortExitCritical
                0x080059f0                PendSV_Handler
                0x08005a2c                SysTick_Handler
 .text          0x08005a88       0xa8 target\libxme_lwip_core.a(def.c.obj)
                0x08005a88                lwip_htons
                0x08005ab8                lwip_ntohs
                0x08005ad8                lwip_htonl
                0x08005b14                lwip_ntohl
 .text          0x08005b30      0xba0 target\libxme_lwip_core.a(pbuf.c.obj)
                0x08005c00                pbuf_alloc
                0x08005e48                pbuf_realloc
                0x08005f18                pbuf_header
                0x0800600c                pbuf_free
                0x080060c8                pbuf_clen
                0x080060fc                pbuf_ref
                0x0800612c                pbuf_cat
                0x08006188                pbuf_chain
                0x080061a8                pbuf_dechain
                0x08006204                pbuf_copy
                0x08006328                pbuf_copy_partial
                0x080063fc                pbuf_take
                0x080064a4                pbuf_coalesce
                0x080064f8                pbuf_get_at
                0x0800655c                pbuf_memcmp
                0x08006604                pbuf_memfind
                0x0800666c                pbuf_strstr
 .text          0x080066d0     0x1618 target\libxme_lwip_core.a(tcp.c.obj)
                0x080066d0                tcp_init
                0x080066dc                tcp_tmr
                0x08006988                tcp_close
                0x080069bc                tcp_shutdown
                0x08006a58                tcp_abandon
                0x08006b30                tcp_abort
                0x08006b4c                tcp_bind
                0x08006c58                tcp_listen_with_backlog
                0x08006d7c                tcp_update_rcv_ann_wnd
                0x08006e04                tcp_recved
                0x08006f08                tcp_connect
                0x080070e0                tcp_slowtmr
                0x08007590                tcp_fasttmr
                0x0800763c                tcp_process_refused_data
                0x08007724                tcp_segs_free
                0x0800774c                tcp_seg_free
                0x08007780                tcp_setprio
                0x0800779c                tcp_seg_copy
                0x080077e0                tcp_recv_null
                0x08007918                tcp_alloc
                0x08007a54                tcp_new
                0x08007a68                tcp_arg
                0x08007a84                tcp_recv
                0x08007aa0                tcp_sent
                0x08007abc                tcp_err
                0x08007ad8                tcp_accept
                0x08007af4                tcp_poll
                0x08007b1c                tcp_pcb_purge
                0x08007ba8                tcp_pcb_remove
                0x08007c58                tcp_next_iss
                0x08007c80                tcp_eff_send_mss
                0x08007cc4                tcp_debug_state_str
 .text          0x08007ce8     0x12e8 target\libxme_lwip_core.a(tcp_out.c.obj)
                0x08007dd0                tcp_send_fin
                0x080080e4                tcp_write
                0x08008584                tcp_enqueue_flags
                0x08008734                tcp_send_empty_ack
                0x080087b4                tcp_output
                0x08008bd4                tcp_rst
                0x08008ca8                tcp_rexmit_rto
                0x08008d14                tcp_rexmit
                0x08008db4                tcp_rexmit_fast
                0x08008e64                tcp_keepalive
                0x08008ec8                tcp_zero_window_probe
 .text          0x08008fd0      0x428 target\libxme_lwip_core.a(timers.c.obj)
                0x0800901c                tcp_timer_needed
                0x08009150                sys_timeouts_init
                0x080091c4                sys_timeout
                0x080092ac                sys_untimeout
                0x08009340                sys_timeouts_mbox_fetch
 .text          0x080093f8      0x79c target\libxme_lwip_core.a(udp.c.obj)
                0x080093f8                udp_init
                0x0800948c                udp_input
                0x08009740                udp_send
                0x08009768                udp_sendto
                0x080097c0                udp_sendto_if
                0x08009930                udp_bind
                0x080099fc                udp_connect
                0x08009aa0                udp_disconnect
                0x08009ad0                udp_recv
                0x08009af4                udp_remove
                0x08009b58                udp_new
 .text          0x08009b94     0x2280 target\libxme_lwip_core.a(sockets.c.obj)
                0x08009b94                lwip_socket_init
                0x08009e04                lwip_accept
                0x08009ff8                lwip_bind
                0x0800a0bc                lwip_close
                0x0800a118                lwip_connect
                0x0800a1f8                lwip_listen
                0x0800a2a4                lwip_recvfrom
                0x0800a5c0                lwip_read
                0x0800a5f4                lwip_recv
                0x0800a628                lwip_send
                0x0800a704                lwip_sendto
                0x0800a838                lwip_socket
                0x0800a8fc                lwip_write
                0x0800ab60                lwip_select
                0x0800b11c                lwip_shutdown
                0x0800b2ac                lwip_getpeername
                0x0800b2d4                lwip_getsockname
                0x0800b2fc                lwip_getsockopt
                0x0800b760                lwip_setsockopt
                0x0800bc2c                lwip_ioctl
                0x0800bd68                lwip_fcntl
 .text          0x0800be14      0x4a4 target\libxme_lwip_core.a(tcpip.c.obj)
                0x0800bf34                tcpip_input
                0x0800bfb0                tcpip_callback_with_block
                0x0800c040                tcpip_timeout
                0x0800c0ac                tcpip_untimeout
                0x0800c110                tcpip_apimsg
                0x0800c168                tcpip_callbackmsg_new
                0x0800c1ac                tcpip_callbackmsg_delete
                0x0800c1c8                tcpip_trycallback
                0x0800c1fc                tcpip_init
                0x0800c270                pbuf_free_callback
                0x0800c294                mem_free_callback
 .text          0x0800c2b8     0x1bd0 target\libxme_lwip_core.a(dhcp.c.obj)
                0x0800c51c                dhcp_coarse_tmr
                0x0800c590                dhcp_fine_tmr
                0x0800c834                dhcp_set_struct
                0x0800c85c                dhcp_cleanup
                0x0800c888                dhcp_start
                0x0800c9c4                dhcp_inform
                0x0800cae0                dhcp_network_changed
                0x0800cb68                dhcp_arp_reply
                0x0800cf1c                dhcp_renew
                0x0800d218                dhcp_release
                0x0800d34c                dhcp_stop
 .text          0x0800de88      0x9a4 target\libxme_lwip_core.a(dns.c.obj)
                0x0800de88                dns_init
                0x0800df10                dns_setserver
                0x0800df5c                dns_getserver
                0x0800df90                dns_tmr
                0x0800e7a8                dns_gethostbyname
 .text          0x0800e82c       0x30 target\libxme_lwip_core.a(init.c.obj)
                0x0800e82c                lwip_init
 .text          0x0800e85c      0x578 target\libxme_lwip_core.a(mem.c.obj)
                0x0800e928                mem_init
                0x0800e9b8                mem_free
                0x0800ea44                mem_trim
                0x0800ec00                mem_malloc
                0x0800ed8c                mem_calloc
 .text          0x0800edd4      0x140 target\libxme_lwip_core.a(memp.c.obj)
                0x0800edd4                memp_init
                0x0800ee7c                memp_malloc
                0x0800eecc                memp_free
 .text          0x0800ef14      0x52c target\libxme_lwip_core.a(netif.c.obj)
                0x0800ef14                netif_init
                0x0800ef20                netif_add
                0x0800efe8                netif_set_addr
                0x0800f018                netif_remove
                0x0800f0bc                netif_find
                0x0800f138                netif_set_ipaddr
                0x0800f1ec                netif_set_gw
                0x0800f214                netif_set_netmask
                0x0800f23c                netif_set_default
                0x0800f258                netif_set_up
                0x0800f2d8                netif_set_down
                0x0800f330                netif_set_status_callback
                0x0800f350                netif_set_link_up
                0x0800f3e0                netif_set_link_down
                0x0800f420                netif_set_link_callback
 .text          0x0800f440     0x2114 target\libxme_lwip_core.a(tcp_in.c.obj)
                0x0800f440                tcp_input
 .text          0x08011554      0xa14 target\libxme_lwip_core.a(api_lib.c.obj)
                0x08011554                netconn_new_with_proto_and_callback
                0x080115f0                netconn_delete
                0x08011630                netconn_getaddr
                0x080116bc                netconn_bind
                0x0801172c                netconn_connect
                0x0801179c                netconn_disconnect
                0x080117fc                netconn_listen_with_backlog
                0x08011860                netconn_accept
                0x08011a84                netconn_recv_tcp_pbuf
                0x08011abc                netconn_recv
                0x08011bb0                netconn_recved
                0x08011bf8                netconn_sendto
                0x08011c44                netconn_send
                0x08011cac                netconn_write_partly
                0x08011e00                netconn_close
                0x08011e20                netconn_shutdown
                0x08011e68                netconn_join_leave_group
                0x08011edc                netconn_gethostbyname
 .text          0x08011f68     0x18c4 target\libxme_lwip_core.a(api_msg.c.obj)
                0x08012740                do_newconn
                0x08012778                netconn_alloc
                0x0801285c                netconn_free
                0x08012b6c                do_delconn
                0x08012c9c                do_bind
                0x08012e40                do_connect
                0x08012f90                do_disconnect
                0x08012fdc                do_listen
                0x0801311c                do_send
                0x08013234                do_recv
                0x08013498                do_write
                0x0801353c                do_getaddr
                0x08013638                do_close
                0x080136ec                do_join_leave_group
                0x080137e0                do_gethostbyname
 .text          0x0801382c      0x2dc target\libxme_lwip_core.a(netbuf.c.obj)
                0x0801382c                netbuf_new
                0x08013888                netbuf_delete
                0x080138cc                netbuf_alloc
                0x08013934                netbuf_free
                0x0801396c                netbuf_ref
                0x080139f4                netbuf_chain
                0x08013a34                netbuf_data
                0x08013a98                netbuf_next
                0x08013ae8                netbuf_first
 .text          0x08013b08      0x314 target\libxme_lwip_core.a(raw.c.obj)
                0x08013b08                raw_input
                0x08013bd0                raw_bind
                0x08013c00                raw_connect
                0x08013c30                raw_recv
                0x08013c54                raw_sendto
                0x08013d38                raw_send
                0x08013d60                raw_remove
                0x08013dc4                raw_new
 .text          0x08013e1c      0x33c target\libxme_lwip_core_ipv4.a(icmp.c.obj)
                0x08013e1c                icmp_input
                0x08014040                icmp_dest_unreach
                0x08014064                icmp_time_exceeded
 .text          0x08014158      0x830 target\libxme_lwip_core_ipv4.a(igmp.c.obj)
                0x08014158                igmp_init
                0x08014180                igmp_start
                0x080141e0                igmp_stop
                0x0801426c                igmp_report_groups
                0x080142a8                igmp_lookfor_group
                0x080143f8                igmp_input
                0x08014580                igmp_joingroup
                0x08014674                igmp_leavegroup
                0x08014758                igmp_tmr
 .text          0x08014988      0x484 target\libxme_lwip_core_ipv4.a(inet_chksum.c.obj)
                0x08014a6c                inet_chksum_pseudo
                0x08014bbc                inet_chksum_pseudo_partial
                0x08014d28                inet_chksum
                0x08014d50                inet_chksum_pbuf
 .text          0x08014e0c      0x5a8 target\libxme_lwip_core_ipv4.a(ip.c.obj)
                0x08014e0c                ip_route
                0x08014e8c                ip_input
                0x08015190                ip_output_if
                0x080151d0                ip_output_if_opt
                0x08015368                ip_output
 .text          0x080153b4      0x51c target\libxme_lwip_core_ipv4.a(ip_addr.c.obj)
                0x080153b4                ip4_addr_isbroadcast
                0x0801543c                ip4_addr_netmask_valid
                0x080154a4                ipaddr_addr
                0x080154d0                ipaddr_aton
                0x08015750                ipaddr_ntoa
                0x08015774                ipaddr_ntoa_r
 .text          0x080158d0      0x92c target\libxme_lwip_core_ipv4.a(ip_frag.c.obj)
                0x080158d0                ip_reass_tmr
                0x08015da8                ip_reass
                0x0801601c                ip_frag
 .text          0x080161fc       0xac target\libxme_lwip_netif_ethernet.a(enet.c.obj)
                0x080161fc                Get_MAC_Address
                0x08016254                EnetGetIPAddr
                0x08016264                EnetInit
 .text          0x080162a8      0x378 target\libxme_lwip_netif_ethernet.a(lwiplib.c.obj)
                0x08016450                lwIPInit
                0x0801649c                ETH_IRQHandler
                0x080164d0                lwIPLocalIPAddrGet
                0x080164e4                lwIPLocalNetMaskGet
                0x080164f8                lwIPLocalGWAddrGet
                0x080165d8                lwIPNetworkConfigChange
 .text          0x08016620      0x794 target\libxme_lwip_netif_ethernet.a(ethernetif.c.obj)
                0x08016aa0                stm32_ethernetif_input
                0x08016b38                ethernetif_init
                0x08016ba8                ETH_RxPkt_ChainMode
                0x08016cb0                ETH_TxPkt_ChainMode
                0x08016d54                ETH_GetCurrentTxBuffer
                0x08016d6c                vEMACWaitForInput
 .text          0x08016db4      0x490 target\libxme_lwip_netif_ethernet.a(sys_arch.c.obj)
                0x08016db4                lwip_rand_arch
                0x08016de4                sys_mbox_new
                0x08016e3c                sys_mbox_free
                0x08016e68                sys_mbox_post
                0x08016e98                sys_mbox_trypost
                0x08016edc                sys_arch_mbox_fetch
                0x08016f70                sys_arch_mbox_tryfetch
                0x08016fb4                sys_sem_new
                0x0801703c                sys_arch_sem_wait
                0x080170bc                sys_sem_signal
                0x080170e4                sys_sem_free
                0x08017108                sys_init
                0x08017120                sys_thread_new
                0x08017190                sys_arch_protect
                0x080171a0                sys_arch_unprotect
                0x080171b4                sys_assert
                0x080171c4                sys_mbox_valid
                0x080171e8                sys_mbox_set_invalid
                0x08017204                sys_sem_valid
                0x08017228                sys_sem_set_invalid
 .text          0x08017244     0x23d0 target\libxme_lwip_netif_ethernet.a(stm32_eth.c.obj)
                0x08017244                ETH_DeInit
                0x08017264                ETH_Init
                0x08017618                ETH_StructInit
                0x080177c0                ETH_Start
                0x080177ec                ETH_HandleTxPkt
                0x08017914                ETH_HandleRxPkt
                0x08017a64                ETH_GetRxPktSize
                0x08017ac0                ETH_DropRxPkt
                0x08017b3c                ETH_ReadPHYRegister
                0x08017bf0                ETH_WritePHYRegister
                0x08017cac                ETH_PHYLoopBackCmd
                0x08017d14                ETH_MACTransmissionCmd
                0x08017d4c                ETH_MACReceptionCmd
                0x08017d84                ETH_GetFlowControlBusyStatus
                0x08017dc0                ETH_InitiatePauseControlFrame
                0x08017ddc                ETH_BackPressureActivationCmd
                0x08017e14                ETH_GetMACFlagStatus
                0x08017e50                ETH_GetMACITStatus
                0x08017e8c                ETH_MACITConfig
                0x08017ed0                ETH_MACAddressConfig
                0x08017f4c                ETH_GetMACAddress
                0x08017fd0                ETH_MACAddressPerfectFilterCmd
                0x08018020                ETH_MACAddressFilterConfig
                0x0801806c                ETH_MACAddressMaskBytesFilterConfig
                0x080180b4                ETH_DMATxDescChainInit
                0x08018154                ETH_DMATxDescRingInit
                0x080181f0                ETH_GetDMATxDescFlagStatus
                0x0801822c                ETH_GetDMATxDescCollisionCount
                0x0801824c                ETH_SetDMATxDescOwnBit
                0x0801826c                ETH_DMATxDescTransmitITConfig
                0x080182a4                ETH_DMATxDescFrameSegmentConfig
                0x080182c4                ETH_DMATxDescChecksumInsertionConfig
                0x080182e4                ETH_DMATxDescCRCCmd
                0x0801831c                ETH_DMATxDescEndOfRingCmd
                0x08018354                ETH_DMATxDescSecondAddressChainedCmd
                0x0801838c                ETH_DMATxDescShortFramePaddingCmd
                0x080183c4                ETH_DMATxDescTimeStampCmd
                0x080183fc                ETH_DMATxDescBufferSizeConfig
                0x08018428                ETH_DMARxDescChainInit
                0x080184d0                ETH_DMARxDescRingInit
                0x08018580                ETH_GetDMARxDescFlagStatus
                0x080185bc                ETH_SetDMARxDescOwnBit
                0x080185dc                ETH_GetDMARxDescFrameLength
                0x08018604                ETH_DMARxDescReceiveITConfig
                0x0801863c                ETH_DMARxDescEndOfRingCmd
                0x08018674                ETH_DMARxDescSecondAddressChainedCmd
                0x080186ac                ETH_GetDMARxDescBufferSize
                0x080186e8                ETH_SoftwareReset
                0x0801870c                ETH_GetSoftwareResetStatus
                0x0801874c                ETH_GetDMAFlagStatus
                0x08018790                ETH_DMAClearFlag
                0x080187b4                ETH_GetDMAITStatus
                0x080187f8                ETH_DMAClearITPendingBit
                0x0801881c                ETH_GetTransmitProcessState
                0x0801883c                ETH_GetReceiveProcessState
                0x0801885c                ETH_FlushTransmitFIFO
                0x08018888                ETH_GetFlushTransmitFIFOStatus
                0x080188c8                ETH_DMATransmissionCmd
                0x08018920                ETH_DMAReceptionCmd
                0x08018978                ETH_DMAITConfig
                0x080189d8                ETH_GetDMAOverflowStatus
                0x08018a18                ETH_GetRxOverflowMissedFrameCounter
                0x08018a40                ETH_GetBufferUnavailableMissedFrameCounter
                0x08018a60                ETH_GetCurrentTxDescStartAddress
                0x08018a7c                ETH_GetCurrentRxDescStartAddress
                0x08018a98                ETH_GetCurrentTxBufferAddress
                0x08018ab4                ETH_GetCurrentRxBufferAddress
                0x08018ad0                ETH_ResumeDMATransmission
                0x08018af0                ETH_ResumeDMAReception
                0x08018b10                ETH_ResetWakeUpFrameFilterRegisterPointer
                0x08018b2c                ETH_SetWakeUpFrameFilterRegister
                0x08018b70                ETH_GlobalUnicastWakeUpCmd
                0x08018ba8                ETH_GetPMTFlagStatus
                0x08018be4                ETH_WakeUpFrameDetectionCmd
                0x08018c1c                ETH_MagicPacketDetectionCmd
                0x08018c54                ETH_PowerDownCmd
                0x08018c8c                ETH_MMCCounterFreezeCmd
                0x08018ccc                ETH_MMCResetOnReadCmd
                0x08018d0c                ETH_MMCCounterRolloverCmd
                0x08018d4c                ETH_MMCCountersReset
                0x08018d6c                ETH_MMCITConfig
                0x08018dfc                ETH_GetMMCITStatus
                0x08018e84                ETH_GetMMCRegister
                0x08018ea4                ETH_EnablePTPTimeStampAddend
                0x08018ec4                ETH_EnablePTPTimeStampInterruptTrigger
                0x08018ee4                ETH_EnablePTPTimeStampUpdate
                0x08018f04                ETH_InitializePTPTimeStamp
                0x08018f24                ETH_PTPUpdateMethodConfig
                0x08018f64                ETH_PTPTimeStampCmd
                0x08018fa4                ETH_GetPTPFlagStatus
                0x08018fe4                ETH_SetPTPSubSecondIncrement
                0x08019004                ETH_SetPTPTimeStampUpdate
                0x08019034                ETH_SetPTPTimeStampAddend
                0x08019054                ETH_SetPTPTargetTime
                0x0801907c                ETH_GetPTPRegister
                0x0801909c                ETH_DMAPTPTxDescChainInit
                0x0801917c                ETH_DMAPTPRxDescChainInit
                0x08019264                ETH_HandlePTPTxPkt
                0x0801944c                ETH_HandlePTPRxPkt
 .text          0x08019614      0x7f8 target\libxme_freertos_kernel.a(queue.c.obj)
                0x08019614                xQueueGenericCreate
                0x080196e8                xQueueCreateMutex
                0x08019784                xQueueGenericSend
                0x080198a4                xQueueGenericSendFromISR
                0x08019934                xQueueGenericReceive
                0x08019abc                xQueueReceiveFromISR
                0x08019b50                uxQueueMessagesWaiting
                0x08019b74                uxQueueMessagesWaitingFromISR
                0x08019b90                vQueueDelete
                0x08019d90                xQueueIsQueueEmptyFromISR
                0x08019de4                xQueueIsQueueFullFromISR
 .text          0x08019e0c     0x10f4 target\libxme_freertos_kernel.a(tasks.c.obj)
                0x08019e0c                xTaskGenericCreate
                0x08019f6c                vTaskDelete
                0x0801a010                vTaskDelayUntil
                0x0801a0b0                vTaskDelay
                0x0801a108                uxTaskPriorityGet
                0x0801a140                vTaskPrioritySet
                0x0801a254                vTaskSuspend
                0x0801a2f8                xTaskIsTaskSuspended
                0x0801a344                vTaskResume
                0x0801a3e0                xTaskResumeFromISR
                0x0801a4a4                vTaskStartScheduler
                0x0801a510                vTaskEndScheduler
                0x0801a530                vTaskSuspendAll
                0x0801a54c                xTaskResumeAll
                0x0801a660                xTaskGetTickCount
                0x0801a684                xTaskGetTickCountFromISR
                0x0801a6b8                uxTaskGetNumberOfTasks
                0x0801a6cc                vTaskIncrementTick
                0x0801a808                vTaskSwitchContext
                0x0801a8b0                vTaskPlaceOnEventList
                0x0801a918                xTaskRemoveFromEventList
                0x0801a9cc                vTaskSetTimeOutState
                0x0801a9f8                xTaskCheckForTimeOut
                0x0801aa8c                vTaskMissedYield
                0x0801ad4c                uxTaskGetStackHighWaterMark
                0x0801ada4                xTaskGetCurrentTaskHandle
                0x0801adc4                vTaskPriorityInherit
                0x0801ae78                vTaskPriorityDisinherit
 .text          0x0801af00      0x17c target\libxme_freertos_kernel.a(list.c.obj)
                0x0801af00                vListInitialise
                0x0801af48                vListInitialiseItem
                0x0801af64                vListInsertEnd
                0x0801afb4                vListInsert
                0x0801b028                vListRemove
 .text          0x0801b07c      0x1f8 target\libxme_freertos_memmang.a(heap_2.c.obj)
                0x0801b07c                pvPortMalloc
                0x0801b1d8                vPortFree
                0x0801b254                xPortGetFreeHeapSize
                0x0801b268                vPortInitialiseBlocks
 .text          0x0801b274      0x434 target\libxme_target_bsp.a(enet_arch.c.obj)
                0x0801b274                bsp_eth_gpio_init
                0x0801b3e4                Set_MAC_Address
                0x0801b400                ETH_driver_init
                0x0801b420                bsp_eth_phy_addr
                0x0801b430                Ethernet_Configuration
                0x0801b564                NVIC_Configuration
                0x0801b5a8                NVIC_Configuration_Emergency_Bits
 .text          0x0801b6a8      0x32c target\libxme_target_bsp.a(system_stm32f10x.c.obj)
                0x0801b6a8                SystemInit
                0x0801b724                SystemCoreClockUpdate
 .text          0x0801b9d4      0x10c target\libxme_hal_dio.a(dio_arch.c.obj)
                0x0801b9d4                xme_hal_dio_button_init
                0x0801ba18                xme_hal_dio_read_button
                0x0801ba3c                xme_hal_dio_led_init
                0x0801ba80                xme_hal_dio_led_set
                0x0801baa8                xme_hal_dio_led_toggle
 .text          0x0801bae0      0x1c8 target\libbelle_drivers.a(mux.c.obj)
                0x0801bae0                mux_init
                0x0801bb64                mux_setEnable
                0x0801bbcc                mux_selectChannel
                0x0801bc68                mux_fini
 .text          0x0801bca8        0x0 target\libbelle_drivers.a(mux_inst.c.obj)
 .text          0x0801bca8       0x40 target\libbelle_drivers.a(gpio_config.c.obj)
                0x0801bca8                belle_gpio_pin_init
 .text          0x0801bce8      0x3fc target\libbelle_drivers.a(spi.c.obj)
                0x0801bce8                spi_init
                0x0801be88                spi_set_cselect
                0x0801bea4                spi_ready
                0x0801bed0                spi_data_available
                0x0801befc                spi_send_receive_data
                0x0801c0a0                spi_fini
 .text          0x0801c0e4        0x0 target\libbelle_drivers.a(spi_inst.c.obj)
 .text          0x0801c0e4      0x2ac target\libbelle_drivers.a(adc_ad7322.c.obj)
                0x0801c0e4                ad7322_sign_extend_number
                0x0801c11c                ad7322_write_register
                0x0801c16c                ad7322_read_spi_data
                0x0801c1bc                ad7322_process_spi_data
                0x0801c270                ad7322_configure_range_reg
                0x0801c2d4                ad7322_select_input_channel_read_channel_value_in_micro_scale
 .text          0x0801c390        0x0 target\libbelle_drivers.a(adc_ad7322_inst.c.obj)
 .text          0x0801c390      0x9d8 target\libbelle_drivers.a(dac_ad5392.c.obj)
                0x0801c390                dac_ad5392_init
                0x0801c4d8                dac_ad5392_setChannelConfiguration
                0x0801c5b0                dac_ad5392_getChannelConfiguration
                0x0801c690                dac_ad5392_setChannelRawValue
                0x0801c73c                dac_ad5392_setChannelValue_in_MicroScale
                0x0801c7e0                dac_ad5392_Scale_Input_DAC_Data_in_MicroScale
                0x0801c840                dac_ad5392_getChannelValue_SetConfiguration
                0x0801c8c4                dac_ad5392_getChannelValue_GetData
                0x0801c8f4                dac_ad5392_getChannelValue
                0x0801c98c                dac_ad5392_configure_control_register
                0x0801c9f4                dac_ad5392_set_monitoring_channel
                0x0801ca70                dac_ad5392_stop
                0x0801caf8                dac_ad5392_powerDown
                0x0801cb90                dac_ad5392_powerUp
                0x0801cc00                dac_ad5392_clear
                0x0801ccac                dac_ad5392_clear_outputs_to_zero
                0x0801cd08                dac_ad5392_fini
 .text          0x0801cd68        0x0 target\libbelle_drivers.a(dac_ad5392_inst.c.obj)
 .text          0x0801cd68      0x1d8 target\libbelle_drivers.a(adc_intern_stm32f107.c.obj)
                0x0801cd68                stm32f107_adc_init
                0x0801ce34                stm32f107_adc_done
                0x0801ce60                stm32f107_adc_conv
                0x0801ceb8                stm32f107_adc_rawValue
                0x0801cef0                stm32f107_adc_volt
 .text          0x0801cf40        0x0 target\libbelle_drivers.a(adc_intern_stm32f107_inst.c.obj)
 .text          0x0801cf40       0xbc target\libbelle_drivers.a(i2c.c.obj)
                0x0801cf40                i2c_init
 .text          0x0801cffc        0x0 target\libbelle_drivers.a(i2c_inst.c.obj)
 .text          0x0801cffc      0x6e0 target\libbelle_drivers.a(eeprom.c.obj)
                0x0801cffc                eeprom_write_page
                0x0801d144                eeprom_read_page
                0x0801d2f8                wait_eeprom_standby_state
                0x0801d384                eeprom_crc8
                0x0801d414                calibration_structure_padding
                0x0801d440                eeprom_write_calibration_page_values
                0x0801d498                eeprom_read_calibration_page_values
                0x0801d4e8                eeprom_calibration_page_values_padding
                0x0801d514                eeprom_read_mac_address
                0x0801d564                eeprom_mac_address_padding
                0x0801d598                eeprom_write_mac_address
                0x0801d5f4                eeprom_read_firmware_version
                0x0801d648                eeprom_firmware_version_padding
                0x0801d67c                eeprom_write_firmware_version
 .text          0x0801d6dc        0x0 target\libbelle_drivers.a(eeprom_inst.c.obj)
 .text          0x0801d6dc      0x814 target\libxme_stm32f0xspl_spi.a(stm32f10x_spi.c.obj)
                0x0801d6dc                SPI_I2S_DeInit
                0x0801d75c                SPI_Init
                0x0801d7f4                I2S_Init
                0x0801da04                SPI_StructInit
                0x0801da60                I2S_StructInit
                0x0801daa4                SPI_Cmd
                0x0801dae4                I2S_Cmd
                0x0801db24                SPI_I2S_ITConfig
                0x0801db94                SPI_I2S_DMACmd
                0x0801dbe0                SPI_I2S_SendData
                0x0801dbfc                SPI_I2S_ReceiveData
                0x0801dc18                SPI_NSSInternalSoftwareConfig
                0x0801dc5c                SPI_SSOutputCmd
                0x0801dc9c                SPI_DataSizeConfig
                0x0801dcd4                SPI_TransmitCRC
                0x0801dcf8                SPI_CalculateCRC
                0x0801dd38                SPI_GetCRC
                0x0801dd6c                SPI_GetCRCPolynomial
                0x0801dd88                SPI_BiDirectionalLineConfig
                0x0801ddc8                SPI_I2S_GetFlagStatus
                0x0801de08                SPI_I2S_ClearFlag
                0x0801de2c                SPI_I2S_GetITStatus
                0x0801deb8                SPI_I2S_ClearITPendingBit
 .text          0x0801def0      0x9ec target\libxme_stm32f0xspl_i2c.a(stm32f10x_i2c.c.obj)
                0x0801def0                I2C_DeInit
                0x0801df40                I2C_Init
                0x0801e0f0                I2C_StructInit
                0x0801e134                I2C_Cmd
                0x0801e174                I2C_DMACmd
                0x0801e1b4                I2C_DMALastTransferCmd
                0x0801e1f4                I2C_GenerateSTART
                0x0801e234                I2C_GenerateSTOP
                0x0801e274                I2C_AcknowledgeConfig
                0x0801e2b4                I2C_OwnAddress2Config
                0x0801e2f8                I2C_DualAddressCmd
                0x0801e338                I2C_GeneralCallCmd
                0x0801e378                I2C_ITConfig
                0x0801e3c4                I2C_SendData
                0x0801e3e4                I2C_ReceiveData
                0x0801e400                I2C_Send7bitAddress
                0x0801e43c                I2C_ReadRegister
                0x0801e46c                I2C_SoftwareResetCmd
                0x0801e4b4                I2C_NACKPositionConfig
                0x0801e4f4                I2C_SMBusAlertConfig
                0x0801e534                I2C_TransmitPEC
                0x0801e574                I2C_PECPositionConfig
                0x0801e5b4                I2C_CalculatePEC
                0x0801e5f4                I2C_GetPEC
                0x0801e618                I2C_ARPCmd
                0x0801e658                I2C_StretchClockCmd
                0x0801e698                I2C_FastModeDutyCycleConfig
                0x0801e6d8                I2C_CheckEvent
                0x0801e748                I2C_GetLastEvent
                0x0801e798                I2C_GetFlagStatus
                0x0801e814                I2C_ClearFlag
                0x0801e844                I2C_GetITStatus
                0x0801e8ac                I2C_ClearITPendingBit
 .text          0x0801e8dc      0xb34 target\libxme_stm32f0xspl_adc.a(stm32f10x_adc.c.obj)
                0x0801e8dc                ADC_DeInit
                0x0801e95c                ADC_Init
                0x0801ea18                ADC_StructInit
                0x0801ea5c                ADC_Cmd
                0x0801ea94                ADC_DMACmd
                0x0801eacc                ADC_ITConfig
                0x0801eb14                ADC_ResetCalibration
                0x0801eb34                ADC_GetResetCalibrationStatus
                0x0801eb6c                ADC_StartCalibration
                0x0801eb8c                ADC_GetCalibrationStatus
                0x0801ebc4                ADC_SoftwareStartConvCmd
                0x0801ebfc                ADC_GetSoftwareStartConvStatus
                0x0801ec34                ADC_DiscModeChannelCountConfig
                0x0801ec80                ADC_DiscModeCmd
                0x0801ecb8                ADC_RegularChannelConfig
                0x0801ee88                ADC_ExternalTrigConvCmd
                0x0801eec0                ADC_GetConversionValue
                0x0801eedc                ADC_GetDualModeConversionValue
                0x0801eef0                ADC_AutoInjectedConvCmd
                0x0801ef28                ADC_InjectedDiscModeCmd
                0x0801ef60                ADC_ExternalTrigInjectedConvConfig
                0x0801ef98                ADC_ExternalTrigInjectedConvCmd
                0x0801efd0                ADC_SoftwareStartInjectedConvCmd
                0x0801f008                ADC_GetSoftwareStartInjectedConvCmdStatus
                0x0801f040                ADC_InjectedChannelConfig
                0x0801f190                ADC_InjectedSequencerLengthConfig
                0x0801f1dc                ADC_SetInjectedOffset
                0x0801f210                ADC_GetInjectedConversionValue
                0x0801f244                ADC_AnalogWatchdogCmd
                0x0801f280                ADC_AnalogWatchdogThresholdsConfig
                0x0801f2a8                ADC_AnalogWatchdogSingleChannelConfig
                0x0801f2e4                ADC_TempSensorVrefintCmd
                0x0801f31c                ADC_GetFlagStatus
                0x0801f358                ADC_ClearFlag
                0x0801f378                ADC_GetITStatus
                0x0801f3e0                ADC_ClearITPendingBit
 .text          0x0801f410      0x1b4 target\libxme_core_core.a(core.c.obj)
                0x0801f410                xme_core_init
                0x0801f510                xme_core_run
                0x0801f540                xme_core_shutdown
                0x0801f558                xme_core_isShutdownInProgress
                0x0801f578                xme_core_fini
 .text          0x0801f5c4      0x94c target\libxme_core_core.a(dcc.c.obj)
                0x0801f5c4                _xme_core_dcc_publishTopicWithoutAnnouncement
                0x0801f6cc                _xme_core_dcc_unpublishTopicWithoutAnnouncement
                0x0801f7a0                _xme_core_dcc_subscribeTopicWithoutAnnouncement
                0x0801f8ac                _xme_core_dcc_unsubscribeTopicWithoutAnnouncement
                0x0801f980                xme_core_dcc_init
                0x0801f990                xme_core_dcc_fini
                0x0801f99c                xme_core_dcc_publishTopic
                0x0801fa94                xme_core_dcc_unpublishTopic
                0x0801fb2c                xme_core_dcc_getComponentFromSubscriptionHandle
                0x0801fba0                xme_core_dcc_getPortFromSubscriptionHandle
                0x0801fc14                xme_core_dcc_getComponentFromPublicationHandle
                0x0801fc88                xme_core_dcc_getPortFromPublicationHandle
                0x0801fcfc                xme_core_dcc_sendTopicData
                0x0801fd80                xme_core_dcc_subscribeTopic
                0x0801fe78                xme_core_dcc_unsubscribeTopic
 .text          0x0801ff10     0x2c68 target\libxme_core_core.a(directory.c.obj)
                0x0801ff10                xme_core_directory_create
                0x08020270                xme_core_directory_activate
                0x08020288                xme_core_directory_deactivate
                0x0802029c                xme_core_directory_destroy
                0x0802045c                xme_core_directory_getDataChannel
                0x08020900                xme_core_directory_addPublication
                0x08020b2c                xme_core_directory_removePublication
                0x08020d64                xme_core_directory_addSubscription
                0x08020f48                xme_core_directory_removeSubscription
                0x08021178                xme_core_directory_addRequestHandler
                0x08021470                xme_core_directory_removeRequestHandler
                0x0802173c                xme_core_directory_addRequest
                0x080219bc                xme_core_directory_removeRequest
 .text          0x08022b78      0xd0c target\libxme_core_core.a(interfaceManager.c.obj)
                0x08022b78                xme_core_interfaceManager_init
                0x08022c3c                xme_core_interfaceManager_fini
                0x08022cd4                xme_core_interfaceManager_read_non_blocking
                0x08022e5c                xme_core_interfaceManager_read_blocking
                0x08022ff4                xme_core_interfaceManager_write_non_blocking
                0x080230ec                xme_core_interfaceManager_write_blocking
                0x08023224                xme_core_interfaceManager_join_channel
                0x080233c4                xme_core_interfaceManager_leave_channel
                0x08023504                xme_core_interfaceManager_addInterface
                0x0802358c                xme_core_interfaceManager_removeInterface
                0x08023600                xme_core_interfaceManager_get_available_data_size
                0x08023668                xme_core_interfaceManager_registerCallback
                0x08023684                xme_core_interfaceManager_clearCallback
                0x0802369c                xme_core_interfaceManager_deviceCallback
                0x080236cc                xme_core_interfaceManager_provide_channel
                0x08023738                xme_core_interfaceManager_unprovide_channel
                0x080237a4                xme_core_interfaceManager_add_channel_to_phy_address_mapping
                0x08023814                xme_core_interfaceManager_remove_channel_to_phy_address_mapping
 .text          0x08023884      0x660 target\libxme_core_core.a(md.c.obj)
                0x08023884                xme_core_md_init
                0x080238b8                xme_core_md_fini
                0x080238d8                xme_core_md_createTopicMetaData
                0x08023968                xme_core_md_isTopicMetaDataHandleValid
                0x080239d0                xme_core_md_fetchTopicMetaDataItem
                0x08023b3c                xme_core_md_setTopicMetaDataString
                0x08023b98                xme_core_md_setTopicMetaDataNumeric
                0x08023bf4                xme_core_md_setTopicMetaDataUnsigned
                0x08023c50                xme_core_md_setTopicMetaDataDecimal
                0x08023cac                xme_core_md_topicMetaDataPropertyCount
                0x08023d28                xme_core_md_removeTopicMetaData
                0x08023ddc                xme_core_md_destroyTopicMetaData
                0x08023e78                xme_core_md_matchesTopicMetData
                0x08023e98                xme_core_md_compareMetData
                0x08023ec4                xme_core_md_filterAcceptsMetdata
 .text          0x08023ee4      0x428 target\libxme_core_core.a(nodeManager.c.obj)
                0x08023ee4                xme_core_nodeManager_create
                0x0802409c                xme_core_nodeManager_activate
                0x080240c8                xme_core_nodeManager_deactivate
                0x080240f0                xme_core_nodeManager_destroy
                0x08024134                xme_core_nodeManager_taskPerformLogin
                0x080241d4                xme_core_nodeManager_receiveLoginResponse
                0x080242b0                xme_core_nodeManager_getNodeId
                0x080242d4                xme_core_nodeManager_getDeviceGuid
                0x080242f0                xme_core_nodeManager_getDeviceType
 .text          0x0802430c      0x558 target\libxme_core_core.a(net_plugin.c.obj)
                0x0802430c                xme_core_net_plugin_init
                0x08024374                xme_core_net_plugin_fini
                0x0802439c                xme_core_net_plugin_read_non_blocking
                0x08024408                xme_core_net_plugin_read_blocking
                0x08024474                xme_core_net_plugin_write_non_blocking
                0x080244e4                xme_core_net_plugin_write_blocking
                0x08024554                xme_core_net_plugin_join_channel
                0x080245ac                xme_core_net_plugin_leave_channel
                0x08024604                xme_core_net_plugin_get_interface
                0x08024618                xme_core_net_plugin_get_available_data_size
                0x08024630                xme_core_net_plugin_register_callback
                0x0802464c                xme_core_net_plugin_clear_callback
                0x08024664                xme_core_net_plugin_interfaceCallback
                0x0802469c                xme_core_net_plugin_wait_for_state_change
                0x080246f0                xme_core_net_plugin_taskReceiveData
                0x08024764                xme_core_net_plugin_startWorkingThread
                0x080247c0                xme_core_net_plugin_stopWorkingThread
                0x080247fc                xme_core_net_plugin_provide_channel
                0x08024814                xme_core_net_plugin_unprovide_channel
                0x0802482c                xme_core_net_plugin_add_channel_to_phy_address_mapping
                0x08024848                xme_core_net_plugin_remove_channel_to_phy_address_mapping
 .text          0x08024864     0x17e8 target\libxme_core_core.a(net_plugin_tcp.c.obj)
                0x08024864                xme_core_net_plugin_tcp_init
                0x08024934                xme_core_net_plugin_tcp_fini
                0x080249b0                xme_core_net_plugin_tcp_read_non_blocking
                0x08024b68                xme_core_net_plugin_tcp_read_blocking
                0x08024d20                xme_core_net_plugin_tcp_write_non_blocking
                0x08024dbc                xme_core_net_plugin_tcp_write_blocking
                0x08024e3c                xme_core_net_plugin_tcp_join_channel
                0x08024f10                xme_core_net_plugin_tcp_leave_channel
                0x08024fec                xme_core_net_plugin_tcp_get_interface
                0x08025000                xme_core_net_plugin_tcp_get_available_data_size
                0x0802515c                xme_core_net_plugin_tcp_register_callback
                0x08025178                xme_core_net_plugin_tcp_clear_callback
                0x08025190                xme_core_net_plugin_tcp_interfaceCallback
                0x080251c8                xme_core_net_plugin_tcp_wait_for_state_change
                0x08025294                connect_reader
                0x080252ec                xme_core_net_plugin_tcp_connectingTask
                0x08025364                xme_core_net_plugin_tcp_taskWorking
                0x08025b18                xme_core_net_plugin_tcp_startWorkingThread
                0x08025bb0                xme_core_net_plugin_tcp_stopWorkingThread
                0x08025c14                xme_core_net_plugin_tcp_provide_channel
                0x08025cfc                xme_core_net_plugin_tcp_unprovide_channel
                0x08025e28                xme_core_net_plugin_tcp_add_channel_to_phy_address_mapping
                0x08025f00                xme_core_net_plugin_tcp_remove_channel_to_phy_address_mapping
                0x08025fc4                xme_core_net_plugin_tcp_hostname_and_port_for_channel
 .text          0x0802604c      0x124 target\libxme_core_core.a(packet.c.obj)
                0x0802604c                xme_core_packet_sample_create_payloadSize
                0x080260a4                xme_core_packet_sample_create_totalSize
                0x080260c4                xme_core_packet_sample_getPayloadSize
                0x080260e8                xme_core_packet_sample_getCompleteSize
                0x08026108                xme_core_packet_sample_header
                0x0802612c                xme_core_packet_sample_payload
                0x08026154                xme_core_packet_sample_destroy
 .text          0x08026170     0x1224 target\libxme_core_core.a(resourceManager.c.obj)
                0x08026170                xme_core_resourceManager_init
                0x08026498                xme_core_resourceManager_create
                0x08026500                xme_core_resourceManager_activate
                0x08026518                xme_core_resourceManager_deactivate
                0x0802652c                xme_core_resourceManager_destroy
                0x08026564                xme_core_resourceManager_activateComponents
                0x08026640                xme_core_resourceManager_deactivateComponents
                0x08026700                xme_core_resourceManager_fini
                0x08026964                xme_core_resourceManager_setCurrentComponentId
                0x080269a0                xme_core_resourceManager_getCurrentComponentId
                0x080269d4                xme_core_resourceManager_getComponentName
                0x08026a48                xme_core_resourceManager_scheduleTask
                0x08026a78                xme_core_resourceManager_killTask
                0x08026a98                xme_core_resourceManager_idle
                0x08026aa8                xme_core_resourceManager_runTask
                0x08026ab4                xme_core_resourceManager_notifyComponent
                0x08026f78                xme_core_resourceManager_addPublicationPort
                0x08026fa0                xme_core_resourceManager_addSubscriptionPort
                0x08026fdc                xme_core_resourceManager_addRequestSenderPort
                0x08027004                xme_core_resourceManager_addResponseHandlerPort
                0x08027040                xme_core_resourceManager_addRequestHandlerPort
                0x0802707c                xme_core_resourceManager_addResponseSenderPort
                0x080270a4                xme_core_resourceManager_removePort
                0x08027118                xme_core_resourceManager_getPortType
                0x080271c4                xme_core_resourceManager_getPublicationPort
                0x0802722c                xme_core_resourceManager_getSubscriptionPort
                0x08027294                xme_core_resourceManager_getRequestSenderPort
                0x080272fc                xme_core_resourceManager_getRequestHandlerPort
 .text          0x08027394      0xb48 target\libxme_core_core.a(routingTable.c.obj)
                0x08027394                xme_core_resourceManager_getInterfaceCallback
                0x080273b0                xme_core_routingTable_init
                0x0802747c                xme_core_routingTable_fini
                0x080274ec                xme_core_routingTable_addLocalSourceRoute
                0x08027648                xme_core_routingTable_addLocalDestinationRoute
                0x080277b4                xme_core_routingTable_addOutboundRoute
                0x080278ec                xme_core_routingTable_addInboundRoute
                0x08027a24                xme_core_routingTable_addTranslationRoute
                0x08027b58                xme_core_routingTable_removeLocalSourceRoute
                0x08027bf4                xme_core_routingTable_removeLocalDestinationRoute
                0x08027cb4                xme_core_routingTable_removeOutboundRoute
                0x08027d70                xme_core_routingTable_removeInboundRoute
                0x08027e2c                xme_core_routingTable_removeTranslationRoute
 .text          0x08027edc      0xb18 target\libxme_core_core.a(rr.c.obj)
                0x08027edc                _xme_core_rr_publishRequestWithoutAnnouncement
                0x08028054                _xme_core_rr_unpublishRequestWithoutAnnouncement
                0x0802817c                _xme_core_rr_publishRequestHandlerWithoutAnnouncement
                0x080282fc                _xme_core_rr_unpublishRequestHandlerWithoutAnnouncement
                0x080283e0                xme_core_rr_init
                0x080283f0                xme_core_rr_fini
                0x080283fc                xme_core_rr_publishRequest
                0x08028518                xme_core_rr_unpublishRequest
                0x080285b0                xme_core_rr_publishRequestHandler
                0x080286c4                xme_core_rr_unpublishRequestHandler
                0x0802875c                xme_core_rr_sendRequest
                0x08028870                xme_core_rr_sendResponse
                0x080289d8                xme_core_rr_cancelRequest
 .text          0x080289f4      0x454 target\libxme_core_core.a(broker.c.obj)
                0x080289f4                xme_core_broker_init
                0x08028a0c                xme_core_broker_fini
                0x08028a18                xme_core_broker_deliverData
                0x08028a5c                xme_core_broker_deleiverDataToTransformation
                0x08028ae8                xme_core_broker_deliverDataToNetwork
                0x08028b68                xme_core_broker_deliverDataToComponent
                0x08028c4c                xme_core_broker_dccSendTopicData
                0x08028cf8                xme_core_broker_rrSendRequest
                0x08028da4                xme_core_broker_rrSendResponse
 .text          0x08028e48     0x1950 target\libxme_hal_net.a(net_arch.c.obj)
                0x08028e48                xme_hal_net_init
                0x08028e98                xme_hal_net_fini
                0x08028ec8                xme_hal_net_initInterface
                0x08028ee0                xme_hal_net_finiInterface
                0x08028ef4                xme_hal_net_createSocket
                0x08028ff4                xme_hal_net_destroySocket
                0x08029050                xme_hal_net_openSocket
                0x08029400                xme_hal_net_closeSocket
                0x080294c4                xme_hal_net_isSocketConnected
                0x08029558                xme_hal_net_setBlockingBehavior
                0x08029644                xme_hal_net_selectSocket
                0x08029830                xme_hal_net_selectMultipleSockets
                0x08029f04                xme_hal_net_waitForConnection
                0x0802a13c                xme_hal_net_readSocket
                0x0802a218                xme_hal_net_writeSocket
                0x0802a330                xme_hal_net_writeDatagram
                0x0802a3e0                xme_hal_net_writeDatagram_ipaddress
                0x0802a474                xme_hal_net_joinMulticastGroup
                0x0802a544                xme_hal_net_leaveMulticastGroup
                0x0802a614                xme_hal_net_getAddressOfLastReception
                0x0802a6cc                xme_hal_net_get_available_data_size
 .text          0x0802a798     0x1110 target\libxme_lwip_netif_arp.a(etharp.c.obj)
                0x0802a84c                etharp_tmr
                0x0802ad94                etharp_cleanup_netif
                0x0802ae04                etharp_find_addr
                0x0802b184                etharp_output
                0x0802b358                etharp_query
                0x0802b740                etharp_request
                0x0802b78c                ethernet_input
 .text          0x0802b8a8      0x35c target\libxme_lwip_core.a(netdb.c.obj)
                0x0802b8a8                lwip_gethostbyname
                0x0802b92c                lwip_gethostbyname_r
                0x0802ba50                lwip_freeaddrinfo
                0x0802ba7c                lwip_getaddrinfo
 .text          0x0802bc04      0xabc target\libxme_stm32f0xspl_rcc.a(stm32f10x_rcc.c.obj)
                0x0802bc04                RCC_DeInit
                0x0802bc74                RCC_HSEConfig
                0x0802bcd0                RCC_WaitForHSEStartUp
                0x0802bd34                RCC_AdjustHSICalibrationValue
                0x0802bd74                RCC_HSICmd
                0x0802bd94                RCC_PLLConfig
                0x0802bdd8                RCC_PLLCmd
                0x0802bdf8                RCC_PREDIV1Config
                0x0802be40                RCC_PREDIV2Config
                0x0802be7c                RCC_PLL2Config
                0x0802beb8                RCC_PLL2Cmd
                0x0802bed8                RCC_PLL3Config
                0x0802bf14                RCC_PLL3Cmd
                0x0802bf34                RCC_SYSCLKConfig
                0x0802bf70                RCC_GetSYSCLKSource
                0x0802bf8c                RCC_HCLKConfig
                0x0802bfc8                RCC_PCLK1Config
                0x0802c004                RCC_PCLK2Config
                0x0802c044                RCC_ITConfig
                0x0802c094                RCC_OTGFSCLKConfig
                0x0802c0b0                RCC_ADCCLKConfig
                0x0802c0ec                RCC_I2S2CLKConfig
                0x0802c108                RCC_I2S3CLKConfig
                0x0802c124                RCC_LSEConfig
                0x0802c16c                RCC_LSICmd
                0x0802c18c                RCC_RTCCLKConfig
                0x0802c1b0                RCC_RTCCLKCmd
                0x0802c1d0                RCC_GetClocksFreq
                0x0802c3c8                RCC_AHBPeriphClockCmd
                0x0802c40c                RCC_APB2PeriphClockCmd
                0x0802c450                RCC_APB1PeriphClockCmd
                0x0802c494                RCC_AHBPeriphResetCmd
                0x0802c4d8                RCC_APB2PeriphResetCmd
                0x0802c51c                RCC_APB1PeriphResetCmd
                0x0802c560                RCC_BackupResetCmd
                0x0802c580                RCC_ClockSecuritySystemCmd
                0x0802c5a0                RCC_MCOConfig
                0x0802c5c0                RCC_GetFlagStatus
                0x0802c644                RCC_ClearFlag
                0x0802c660                RCC_GetITStatus
                0x0802c6a0                RCC_ClearITPendingBit
 .text          0x0802c6c0      0x1a4 target\libxme_stm32f0xspl_misc.a(misc.c.obj)
                0x0802c6c0                NVIC_PriorityGroupConfig
                0x0802c6e4                NVIC_Init
                0x0802c7bc                NVIC_SetVectorTable
                0x0802c7e8                NVIC_SystemLPConfig
                0x0802c82c                SysTick_CLKSourceConfig
 .text          0x0802c864      0x254 target\libxme_stm32f0xspl_misc.a(stm32f10x_exti.c.obj)
                0x0802c864                EXTI_DeInit
                0x0802c89c                EXTI_Init
                0x0802c998                EXTI_StructInit
                0x0802c9cc                EXTI_GenerateSWInterrupt
                0x0802c9f0                EXTI_GetFlagStatus
                0x0802ca2c                EXTI_ClearFlag
                0x0802ca48                EXTI_GetITStatus
                0x0802ca9c                EXTI_ClearITPendingBit
 .text          0x0802cab8      0x6cc target\libxme_stm32f0xspl_gpio.a(stm32f10x_gpio.c.obj)
                0x0802cab8                GPIO_DeInit
                0x0802cbd0                GPIO_AFIODeInit
                0x0802cbf0                GPIO_Init
                0x0802cdb0                GPIO_StructInit
                0x0802cddc                GPIO_ReadInputDataBit
                0x0802ce18                GPIO_ReadInputData
                0x0802ce34                GPIO_ReadOutputDataBit
                0x0802ce70                GPIO_ReadOutputData
                0x0802ce8c                GPIO_SetBits
                0x0802cea8                GPIO_ResetBits
                0x0802cec4                GPIO_WriteBit
                0x0802cef4                GPIO_Write
                0x0802cf10                GPIO_PinLockConfig
                0x0802cf54                GPIO_EventOutputConfig
                0x0802cfa8                GPIO_EventOutputCmd
                0x0802cfc8                GPIO_PinRemapConfig
                0x0802d0cc                GPIO_EXTILineConfig
                0x0802d168                GPIO_ETH_MediaInterfaceConfig
 .text          0x0802d184        0xc target\libxme_hal_energy.a(energy_arch.c.obj)
                0x0802d184                xme_hal_energy_sleep
 .text          0x0802d190      0x544 target\libxme_hal_sched.a(sched_arch.c.obj)
                0x0802d190                xme_hal_sched_init
                0x0802d1e0                xme_hal_sched_taskWrapper
                0x0802d2b8                xme_hal_sched_addTask
                0x0802d430                xme_hal_sched_setTaskExecutionState
                0x0802d540                xme_hal_sched_removeTask
                0x0802d62c                xme_hal_sched_fini
 .text          0x0802d6d4      0x4a4 target\libxme_hal_sync.a(sync_arch.c.obj)
                0x0802d6d4                xme_hal_sync_init
                0x0802d74c                xme_hal_sync_fini
                0x0802d7a4                xme_hal_sync_createCriticalSection
                0x0802d8c0                xme_hal_sync_destroyCriticalSection
                0x0802d98c                xme_hal_sync_enterCriticalSection
                0x0802da30                xme_hal_sync_tryEnterCriticalSection
                0x0802dadc                xme_hal_sync_leaveCriticalSection
 .text          0x0802db78      0x134 target\libxme_hal_table.a(table_arch.c.obj)
                0x0802db78                xme_hal_table_addItem
                0x0802dc38                xme_hal_table_removeItem
 .text          0x0802dcac       0x98 target\libxme_hal_tls.a(tls_arch.c.obj)
                0x0802dcac                xme_hal_tls_init
                0x0802dcbc                xme_hal_tls_fini
                0x0802dcc8                xme_hal_tls_alloc
                0x0802dce8                xme_hal_tls_get
                0x0802dd08                xme_hal_tls_free
                0x0802dd28                xme_hal_tls_registerThread
                0x0802dd38                xme_hal_tls_deregisterThread
 .text          0x0802dd44       0x68 target\libxme_hal_random.a(random_arch.c.obj)
                0x0802dd44                xme_hal_random_init
                0x0802dd54                xme_hal_random_fini
                0x0802dd60                xme_hal_random_registerThread
                0x0802dd70                xme_hal_random_deregisterThread
                0x0802dd7c                xme_hal_random_rand
                0x0802dd8c                xme_hal_random_randRange
 .text          0x0802ddac      0x2d4 target\libxme_hal_sharedPtr.a(sharedPtr_arch.c.obj)
                0x0802ddac                xme_hal_sharedPtr_init
                0x0802ddbc                xme_hal_sharedPtr_fini
                0x0802ddc8                xme_hal_sharedPtr_create
                0x0802de54                xme_hal_sharedPtr_realloc
                0x0802debc                xme_hal_sharedPtr_retain
                0x0802df20                xme_hal_sharedPtr_destroy
                0x0802df9c                xme_hal_sharedPtr_createFromPointer
                0x0802dfe8                xme_hal_sharedPtr_getSize
                0x0802e014                xme_hal_sharedPtr_getReferenceCount
                0x0802e058                xme_hal_sharedPtr_getPointer
 .text          0x0802e080       0xd4 target\libxme_hal_mem.a(mem_arch.c.obj)
                0x0802e080                xme_hal_mem_alloc
                0x0802e0a0                xme_hal_mem_realloc
                0x0802e0b0                xme_hal_mem_free
                0x0802e0c8                xme_hal_mem_set
                0x0802e108                xme_hal_mem_copy
 .text          0x0802e154      0x21c c:/belleii/devenv/toolchain/arm-gcc/bin/../lib/gcc/arm-none-eabi/4.5.2/thumb2\libgcc.a(_arm_addsubsf3.o)
                0x0802e154                __aeabi_frsub
                0x0802e15c                __subsf3
                0x0802e15c                __aeabi_fsub
                0x0802e160                __aeabi_fadd
                0x0802e160                __addsf3
                0x0802e2c0                __aeabi_ui2f
                0x0802e2c0                __floatunsisf
                0x0802e2c8                __aeabi_i2f
                0x0802e2c8                __floatsisf
                0x0802e2e4                __aeabi_ul2f
                0x0802e2e4                __floatundisf
                0x0802e2f4                __aeabi_l2f
                0x0802e2f4                __floatdisf
 .text          0x0802e370      0x2a0 c:/belleii/devenv/toolchain/arm-gcc/bin/../lib/gcc/arm-none-eabi/4.5.2/thumb2\libgcc.a(_arm_muldivsf3.o)
                0x0802e370                __mulsf3
                0x0802e370                __aeabi_fmul
                0x0802e4d8                __aeabi_fdiv
                0x0802e4d8                __divsf3
 .text          0x0802e610       0x4c c:/belleii/devenv/toolchain/arm-gcc/bin/../lib/gcc/arm-none-eabi/4.5.2/thumb2\libgcc.a(_arm_fixsfsi.o)
                0x0802e610                __aeabi_f2iz
                0x0802e610                __fixsfsi
 .text          0x0802e65c       0x38 c:/belleii/devenv/toolchain/arm-gcc/bin/../lib/gcc/arm-none-eabi/4.5.2/thumb2\libgcc.a(_aeabi_ldivmod.o)
                0x0802e65c                __aeabi_ldivmod
 .text          0x0802e694       0x2c c:/belleii/devenv/toolchain/arm-gcc/bin/../lib/gcc/arm-none-eabi/4.5.2/thumb2\libgcc.a(_aeabi_uldivmod.o)
                0x0802e694                __aeabi_uldivmod
 .text          0x0802e6c0       0x60 c:/belleii/devenv/toolchain/arm-gcc/bin/../lib/gcc/arm-none-eabi/4.5.2/thumb2\libgcc.a(bpabi.o)
                0x0802e6c0                __gnu_ldivmod_helper
                0x0802e6f0                __gnu_uldivmod_helper
 .text          0x0802e720        0x4 c:/belleii/devenv/toolchain/arm-gcc/bin/../lib/gcc/arm-none-eabi/4.5.2/thumb2\libgcc.a(_dvmd_tls.o)
                0x0802e720                __aeabi_idiv0
                0x0802e720                __aeabi_ldiv0
 .text          0x0802e724      0x360 c:/belleii/devenv/toolchain/arm-gcc/bin/../lib/gcc/arm-none-eabi/4.5.2/thumb2\libgcc.a(_divdi3.o)
                0x0802e724                __divdi3
 .text          0x0802ea84      0x308 c:/belleii/devenv/toolchain/arm-gcc/bin/../lib/gcc/arm-none-eabi/4.5.2/thumb2\libgcc.a(_udivdi3.o)
                0x0802ea84                __udivdi3
 *fill*         0x0802ed8c        0x4 00
 .text          0x0802ed90      0x278 c:/belleii/devenv/toolchain/arm-gcc/bin/../lib/gcc/arm-none-eabi/4.5.2/thumb2\libgcc.a(_udivsi3.o)
                0x0802ed90                __aeabi_uidiv
                0x0802ed90                __udivsi3
                0x0802efec                __aeabi_uidivmod
 .text          0x0802f008       0x10 c:/belleii/devenv/toolchain/arm-gcc/bin/../lib/gcc/arm-none-eabi/4.5.2/../../../../arm-none-eabi/lib/thumb2\libc.a(lib_a-atoi.o)
                0x0802f008                atoi
                0x0802f010                _atoi_r
 .text          0x0802f018       0x64 c:/belleii/devenv/toolchain/arm-gcc/bin/../lib/gcc/arm-none-eabi/4.5.2/../../../../arm-none-eabi/lib/thumb2\libc.a(lib_a-memcmp.o)
                0x0802f018                memcmp
 .text          0x0802f07c      0x150 c:/belleii/devenv/toolchain/arm-gcc/bin/../lib/gcc/arm-none-eabi/4.5.2/../../../../arm-none-eabi/lib/thumb2\libc.a(lib_a-memcpy.o)
                0x0802f07c                memcpy
 .text          0x0802f1cc       0xb4 c:/belleii/devenv/toolchain/arm-gcc/bin/../lib/gcc/arm-none-eabi/4.5.2/../../../../arm-none-eabi/lib/thumb2\libc.a(lib_a-memset.o)
                0x0802f1cc                memset
 .text          0x0802f280      0x1dc c:/belleii/devenv/toolchain/arm-gcc/bin/../lib/gcc/arm-none-eabi/4.5.2/../../../../arm-none-eabi/lib/thumb2\libc.a(lib_a-strcmp.o)
                0x0802f280                strcmp
 .text          0x0802f45c       0x60 c:/belleii/devenv/toolchain/arm-gcc/bin/../lib/gcc/arm-none-eabi/4.5.2/../../../../arm-none-eabi/lib/thumb2\libc.a(lib_a-strlen.o)
                0x0802f45c                strlen
 .text          0x0802f4bc       0x78 c:/belleii/devenv/toolchain/arm-gcc/bin/../lib/gcc/arm-none-eabi/4.5.2/../../../../arm-none-eabi/lib/thumb2\libc.a(lib_a-strncpy.o)
                0x0802f4bc                strncpy
 .text          0x0802f534      0x17c c:/belleii/devenv/toolchain/arm-gcc/bin/../lib/gcc/arm-none-eabi/4.5.2/../../../../arm-none-eabi/lib/thumb2\libc.a(lib_a-strtol.o)
                0x0802f534                _strtol_r
                0x0802f698                strtol
 .text          0x0802f6b0        0x0 c:/belleii/devenv/toolchain/arm-gcc/bin/../lib/gcc/arm-none-eabi/4.5.2/../../../../arm-none-eabi/lib/thumb2\libc.a(lib_a-ctype_.o)
 .text          0x0802f6b0        0x0 c:/belleii/devenv/toolchain/arm-gcc/bin/../lib/gcc/arm-none-eabi/4.5.2/../../../../arm-none-eabi/lib/thumb2\libc.a(lib_a-impure.o)
 *(.text.*)
 .text.Reset_Handler
                0x0802f6b0       0x44 target\libxme_target_startup.a(startup_stm32f10x_cl.S.obj)
                0x0802f6b0                Reset_Handler
 .text.Default_Handler
                0x0802f6f4        0x2 target\libxme_target_startup.a(startup_stm32f10x_cl.S.obj)
                0x0802f6f4                TIM1_CC_IRQHandler
                0x0802f6f4                TIM6_IRQHandler